Company Profile Build Log
========================================
Brand Name      : Venturo Pro
Primary Color   : #009BAD (HSL: 186, 100%, 34%)
Source Markdown : /home/aorysan/aorysan/AryokPunya/Magang/compro/compros/congen5/drafts/02-final.md
Output Target   : /home/aorysan/aorysan/AryokPunya/Magang/compro/compros/congen5/index.html
Timestamp       : 2026-09-15T04:33:34.943Z

Total Slides    : 9
  Slide 1 [COVER    ]: Venturo Pro (100 words)
  Slide 2 [WELCOME-PROBLEM]: Masalah yang Dihadapi (144 words)
  Slide 3 [WELCOME-SOLUTION]: Solusi & Nilai Tambah (129 words)
  Slide 4 [SERVICES ]: Layanan Unggulan (136 words)
  Slide 5 [ECOSYSTEM]: Arsitektur & Ekosistem (112 words)
  Slide 6 [METRICS  ]: Pencapaian & Bukti (146 words)
  Slide 7 [DIFFERENTIATOR]: Mengapa Kami (143 words)
  Slide 8 [PRICING  ]: Paket & Kerjasama (104 words)
  Slide 9 [CLOSING  ]: Hubungi Kami (119 words)

Smart Asset Pipeline (Procedurally Generated):
  - /home/aorysan/aorysan/AryokPunya/Magang/compro/compros/congen5/assets/smartphone-mockup.svg (Vector Titanium Phone UI)
  - /home/aorysan/aorysan/AryokPunya/Magang/compro/compros/congen5/assets/ecosystem-diagram.svg (Circular Orbit Ecosystem)
  - /home/aorysan/aorysan/AryokPunya/Magang/compro/compros/congen5/assets/hero-banner.svg (Tech Dashboard Visual)
  - /home/aorysan/aorysan/AryokPunya/Magang/compro/compros/congen5/assets/closing-banner.svg (Call-to-Action Wave)
  - /home/aorysan/aorysan/AryokPunya/Magang/compro/compros/congen5/assets/logo.svg (Brand Vector Emblem)

Folder Consolidation:
  - Slide Deck    : /home/aorysan/aorysan/AryokPunya/Magang/compro/compros/congen5/index.html
  - Final Markdown: /home/aorysan/aorysan/AryokPunya/Magang/compro/compros/congen5/compro.md
  - Assets Folder : /home/aorysan/aorysan/AryokPunya/Magang/compro/compros/congen5/assets
  - Drafts Folder : /home/aorysan/aorysan/AryokPunya/Magang/compro/compros/congen5/drafts
  - Reports Folder: /home/aorysan/aorysan/AryokPunya/Magang/compro/compros/congen5/reports

Clean-up Verification: