Company Profile Build Log
========================================
Brand Name      : Venturo Pro
Primary Color   : #009BAD (HSL: 186, 100%, 34%)
Source Markdown : D:\AryokPunya\Magang\compro\compros\congen\drafts\02-final.md
Output Target   : D:\AryokPunya\Magang\compro\compros\congen\index.html
Timestamp       : 2026-09-08T07:51:59.164Z

Total Slides    : 7
  Slide 1 [HERO     ]: Venturo Pro — Video Ber-Brand Konsisten, Biaya Terprediksi (141 words)
  Slide 2 [PROBLEM  ]: Masalah yang Dihadapi (146 words)
  Slide 3 [SOLUTION ]: Solusi & Nilai Tambah (136 words)
  Slide 4 [ECOSYSTEM]: Layanan Unggulan (123 words)
  Slide 5 [SHOWCASE ]: Pencapaian & Bukti (123 words)
  Slide 6 [PRICING  ]: Paket & Kerjasama (129 words)
  Slide 7 [CLOSING  ]: Hubungi Kami (140 words)

Smart Asset Pipeline (Procedurally Generated):
  - D:\AryokPunya\Magang\compro\compros\congen\assets\smartphone-mockup.svg (Vector Titanium Phone UI)
  - D:\AryokPunya\Magang\compro\compros\congen\assets\ecosystem-diagram.svg (Circular Orbit Ecosystem)
  - D:\AryokPunya\Magang\compro\compros\congen\assets\hero-banner.svg (Tech Dashboard Visual)
  - D:\AryokPunya\Magang\compro\compros\congen\assets\closing-banner.svg (Call-to-Action Wave)
  - D:\AryokPunya\Magang\compro\compros\congen\assets\logo.svg (Brand Vector Emblem)

Folder Consolidation:
  - Slide Deck    : D:\AryokPunya\Magang\compro\compros\congen\index.html
  - Final Markdown: D:\AryokPunya\Magang\compro\compros\congen\compro.md
  - Assets Folder : D:\AryokPunya\Magang\compro\compros\congen\assets
  - Drafts Folder : D:\AryokPunya\Magang\compro\compros\congen\drafts
  - Reports Folder: D:\AryokPunya\Magang\compro\compros\congen\reports

Clean-up Verification: